// Jest Snapshot v1, https://goo.gl/fbAQLP

exports[`InputRussianComponent - упражнение, где пользователь вводит перевод слова на русском Если компонент загрузился, все элементы отрисовались 1`] = `
<div
  id="root0"
>
  <app-input-russian>
    
  </app-input-russian>
</div>
`;
