// Jest Snapshot v1, https://goo.gl/fbAQLP

exports[`ActionsComponent - компонент с кнопками для упражнений Если компонент загрузился, то все элементы отрисовались 1`] = `
<div
  id="root0"
>
  <app-actions>
    <button
      automation-id="submit-button"
      class="button mat-focus-indicator mat-raised-button mat-button-base mat-primary"
      color="primary"
      mat-raised-button=""
    >
      <span
        class="mat-button-wrapper"
      >
         Проверить

      </span>
      <div
        class="mat-button-ripple mat-ripple"
        matripple=""
      />
      <div
        class="mat-button-focus-overlay"
      />
    </button>
  </app-actions>
</div>
`;
